2018-11-13 17:33:48,608 - INFO - Node connecting
2018-11-13 17:33:48,617 - INFO - hi
2018-11-13 17:33:48,617 - INFO - hi
2018-11-13 17:33:48,617 - INFO - hi
2018-11-13 17:33:48,617 - INFO - hi
2018-11-13 17:33:48,617 - INFO - hi
2018-11-13 17:33:48,617 - INFO - hi
2018-11-13 17:33:48,618 - INFO - hi
2018-11-13 17:53:55,354 - INFO - Node connecting
2018-11-13 17:53:55,362 - INFO - hi
2018-11-13 17:53:55,362 - INFO - hi
2018-11-13 17:53:55,362 - INFO - hi
2018-11-13 17:53:55,363 - INFO - hi
2018-11-13 17:53:55,363 - INFO - hi
2018-11-13 17:53:55,363 - INFO - hi
2018-11-13 17:53:55,363 - INFO - hi
2018-11-13 17:54:41,352 - INFO - Node connecting
2018-11-13 17:54:41,360 - INFO - hi
2018-11-13 17:54:41,360 - INFO - hi
2018-11-13 17:54:41,361 - INFO - hi
2018-11-13 17:54:41,361 - INFO - hi
2018-11-13 17:54:41,361 - INFO - hi
2018-11-13 17:54:41,361 - INFO - hi
2018-11-13 17:54:41,361 - INFO - hi
2018-11-13 17:55:10,098 - INFO - Node connecting
2018-11-13 17:55:10,107 - INFO - hi
2018-11-13 17:55:10,107 - INFO - hi
2018-11-13 17:55:10,107 - INFO - hi
2018-11-13 17:55:10,108 - INFO - hi
2018-11-13 17:55:10,108 - INFO - hi
2018-11-13 17:55:10,108 - INFO - hi
2018-11-13 17:55:10,108 - INFO - hi
2018-11-13 17:56:35,795 - INFO - Node connecting
2018-11-13 17:56:35,804 - INFO - hi
2018-11-13 17:56:35,804 - INFO - hi
2018-11-13 17:56:35,804 - INFO - hi
2018-11-13 17:56:35,804 - INFO - hi
2018-11-13 17:56:35,805 - INFO - hi
2018-11-13 17:56:35,805 - INFO - hi
2018-11-13 17:56:35,805 - INFO - hi
2018-11-13 17:58:15,359 - INFO - Node connecting
2018-11-13 17:58:15,367 - INFO - hi
2018-11-13 17:58:15,368 - INFO - hi
2018-11-13 17:58:15,368 - INFO - hi
2018-11-13 17:58:15,368 - INFO - hi
2018-11-13 17:58:15,368 - INFO - hi
2018-11-13 17:58:15,368 - INFO - hi
2018-11-13 17:58:15,368 - INFO - hi
2018-11-13 21:43:46,317 - INFO - Node connecting
2018-11-13 21:43:46,325 - INFO - hi
2018-11-13 21:43:46,326 - INFO - hi
2018-11-13 21:43:46,326 - INFO - hi
2018-11-13 21:43:46,326 - INFO - hi
2018-11-13 21:43:46,326 - INFO - hi
2018-11-13 21:43:46,326 - INFO - hi
2018-11-13 21:43:46,326 - INFO - hi
2018-11-13 21:43:53,399 - INFO - Node connecting
2018-11-13 21:46:59,289 - INFO - Node connecting
2018-11-13 21:46:59,297 - INFO - hi
2018-11-13 21:46:59,297 - INFO - hi
2018-11-13 21:46:59,297 - INFO - hi
2018-11-13 21:46:59,297 - INFO - hi
2018-11-13 21:46:59,297 - INFO - hi
2018-11-13 21:46:59,297 - INFO - hi
2018-11-13 21:46:59,298 - INFO - hi
2018-11-13 21:53:59,255 - INFO - Node connecting
2018-11-13 21:53:59,263 - INFO - hi
2018-11-13 21:53:59,263 - INFO - hi
2018-11-13 21:53:59,263 - INFO - hi
2018-11-13 21:53:59,263 - INFO - hi
2018-11-13 21:53:59,264 - INFO - hi
2018-11-13 21:53:59,264 - INFO - hi
2018-11-13 21:53:59,264 - INFO - hi
2018-11-13 21:54:37,971 - INFO - Node connecting
2018-11-13 21:55:42,899 - INFO - Node connecting
2018-11-13 21:55:42,907 - INFO - hi
2018-11-13 21:55:42,908 - INFO - hi
2018-11-13 21:55:42,908 - INFO - hi
2018-11-13 21:55:42,908 - INFO - hi
2018-11-13 21:55:42,908 - INFO - hi
2018-11-13 21:55:42,908 - INFO - hi
2018-11-13 21:55:42,908 - INFO - hi
2018-11-13 21:55:47,377 - INFO - Node connecting
2018-11-13 21:55:47,377 - INFO - Message recieved
2018-11-13 21:55:47,377 - INFO - b'==MSG==Type here to send a message...'
2018-11-13 21:55:47,377 - INFO - msg
2018-11-13 22:15:16,019 - INFO - hi
2018-11-13 22:15:16,019 - INFO - hi
2018-11-13 22:15:16,019 - INFO - hi
2018-11-13 22:15:16,019 - INFO - hi
2018-11-13 22:15:16,019 - INFO - hi
2018-11-13 22:15:16,019 - INFO - hi
2018-11-13 22:15:16,020 - INFO - hi
2018-11-13 22:15:33,603 - INFO - hi
2018-11-13 22:15:33,603 - INFO - hi
2018-11-13 22:15:33,603 - INFO - hi
2018-11-13 22:15:33,604 - INFO - hi
2018-11-13 22:15:33,604 - INFO - hi
2018-11-13 22:15:33,604 - INFO - hi
2018-11-13 22:15:33,604 - INFO - hi
2018-11-13 22:15:33,604 - INFO - hey
2018-11-13 22:17:44,597 - INFO - hi
2018-11-13 22:17:44,597 - INFO - hi
2018-11-13 22:17:44,597 - INFO - hi
2018-11-13 22:17:44,597 - INFO - hi
2018-11-13 22:17:44,597 - INFO - hi
2018-11-13 22:17:44,597 - INFO - hi
2018-11-13 22:17:44,597 - INFO - hi
2018-11-13 22:17:44,598 - INFO - hey
2018-11-13 22:19:07,056 - INFO - hi
2018-11-13 22:19:07,056 - INFO - hi
2018-11-13 22:19:07,056 - INFO - hi
2018-11-13 22:19:07,056 - INFO - hi
2018-11-13 22:19:07,056 - INFO - hi
2018-11-13 22:19:07,057 - INFO - hi
2018-11-13 22:19:07,057 - INFO - hi
2018-11-13 22:19:07,057 - INFO - hey
2018-11-13 22:19:20,729 - INFO - hi
2018-11-13 22:19:20,729 - INFO - hi
2018-11-13 22:19:20,729 - INFO - hi
2018-11-13 22:19:20,729 - INFO - hi
2018-11-13 22:19:20,729 - INFO - hi
2018-11-13 22:19:20,729 - INFO - hi
2018-11-13 22:19:20,729 - INFO - hi
2018-11-13 22:19:20,729 - INFO - hey
2018-11-13 22:20:11,088 - INFO - hi
2018-11-13 22:20:11,088 - INFO - hi
2018-11-13 22:20:11,088 - INFO - hi
2018-11-13 22:20:11,088 - INFO - hi
2018-11-13 22:20:11,088 - INFO - hi
2018-11-13 22:20:11,088 - INFO - hi
2018-11-13 22:20:11,089 - INFO - hi
2018-11-13 22:20:11,089 - INFO - hey
2018-11-13 22:20:47,693 - INFO - hi
2018-11-13 22:20:47,693 - INFO - hi
2018-11-13 22:20:47,693 - INFO - hi
2018-11-13 22:20:47,693 - INFO - hi
2018-11-13 22:20:47,693 - INFO - hi
2018-11-13 22:20:47,694 - INFO - hi
2018-11-13 22:20:47,694 - INFO - hi
2018-11-13 22:20:56,905 - INFO - Node connecting
2018-11-13 22:20:56,905 - INFO - Message recieved
2018-11-13 22:20:56,905 - INFO - b'==MSG==Type here to send a message...'
2018-11-13 22:21:12,902 - INFO - Node connecting
2018-11-13 22:21:12,902 - INFO - Message recieved
2018-11-13 22:21:12,902 - INFO - b'==MSG==Type here to send a message...'
2018-11-13 22:21:40,954 - INFO - hi
2018-11-13 22:21:40,954 - INFO - hi
2018-11-13 22:21:40,954 - INFO - hi
2018-11-13 22:21:40,954 - INFO - hi
2018-11-13 22:21:40,954 - INFO - hi
2018-11-13 22:21:40,955 - INFO - hi
2018-11-13 22:21:40,955 - INFO - hi
2018-11-13 22:21:47,823 - INFO - Node connecting
2018-11-13 22:21:47,823 - INFO - Message recieved
2018-11-13 22:21:47,823 - INFO - b'==MSG==Type here to send a message...'
2018-11-13 22:22:02,330 - INFO - Node connecting
2018-11-13 22:22:02,330 - INFO - Message recieved
2018-11-13 22:22:02,330 - INFO - b'==MSG==Type here to send a message...'
2018-11-13 22:22:04,260 - INFO - Node connecting
2018-11-13 22:22:04,260 - INFO - Message recieved
2018-11-13 22:22:04,260 - INFO - b'==MSG==Type here to send a message...'
2018-11-13 22:22:04,411 - INFO - Node connecting
2018-11-13 22:22:04,411 - INFO - Message recieved
2018-11-13 22:22:04,411 - INFO - b'==MSG==Type here to send a message...'
2018-11-13 22:22:04,550 - INFO - Node connecting
2018-11-13 22:22:04,551 - INFO - Message recieved
2018-11-13 22:22:04,551 - INFO - b'==MSG==Type here to send a message...'
2018-11-13 22:22:04,690 - INFO - Node connecting
2018-11-13 22:22:04,690 - INFO - Message recieved
2018-11-13 22:22:04,690 - INFO - b'==MSG==Type here to send a message...'
2018-11-13 22:27:33,903 - INFO - hi
2018-11-13 22:27:33,904 - INFO - hi
2018-11-13 22:27:33,904 - INFO - hi
2018-11-13 22:27:33,904 - INFO - hi
2018-11-13 22:27:33,904 - INFO - hi
2018-11-13 22:27:33,904 - INFO - hi
2018-11-13 22:27:39,710 - INFO - Node connecting
2018-11-13 22:27:39,710 - INFO - Message recieved
2018-11-13 22:27:39,710 - INFO - b'==MSG==Type here to send a message...'
2018-11-13 22:27:39,710 - INFO - hey
2018-11-13 22:27:41,426 - INFO - Node connecting
2018-11-13 22:27:41,427 - INFO - Message recieved
2018-11-13 22:27:41,427 - INFO - b'==MSG==Type here to send a message...'
2018-11-13 22:27:41,427 - INFO - hey
2018-11-13 22:27:44,966 - INFO - Node connecting
2018-11-13 22:27:44,966 - INFO - Message recieved
2018-11-13 22:27:44,966 - INFO - b'==MSG==Type here to send a message...'
2018-11-13 22:27:44,967 - INFO - hey
2018-11-13 22:27:45,396 - INFO - Node connecting
2018-11-13 22:27:45,396 - INFO - Message recieved
2018-11-13 22:27:45,396 - INFO - b'==MSG==Type here to send a message...'
2018-11-13 22:27:45,396 - INFO - hey
2018-11-13 22:27:45,556 - INFO - Node connecting
2018-11-13 22:27:45,556 - INFO - Message recieved
2018-11-13 22:27:45,556 - INFO - b'==MSG==Type here to send a message...'
2018-11-13 22:27:45,556 - INFO - hey
2018-11-13 22:27:45,697 - INFO - Node connecting
2018-11-13 22:27:45,697 - INFO - Message recieved
2018-11-13 22:27:45,697 - INFO - b'==MSG==Type here to send a message...'
2018-11-13 22:27:45,697 - INFO - hey
2018-11-13 22:27:45,826 - INFO - Node connecting
2018-11-13 22:27:45,826 - INFO - Message recieved
2018-11-13 22:27:45,826 - INFO - b'==MSG==Type here to send a message...'
2018-11-13 22:27:45,826 - INFO - hey
2018-11-13 22:27:45,948 - INFO - Node connecting
2018-11-13 22:27:45,948 - INFO - Message recieved
2018-11-13 22:27:45,948 - INFO - b'==MSG==Type here to send a message...'
2018-11-13 22:27:45,948 - INFO - hey
2018-11-13 22:27:46,096 - INFO - Node connecting
2018-11-13 22:27:46,096 - INFO - Message recieved
2018-11-13 22:27:46,096 - INFO - b'==MSG==Type here to send a message...'
2018-11-13 22:27:46,096 - INFO - hey
2018-11-13 22:27:46,236 - INFO - Node connecting
2018-11-13 22:27:46,236 - INFO - Message recieved
2018-11-13 22:27:46,236 - INFO - b'==MSG==Type here to send a message...'
2018-11-13 22:27:46,236 - INFO - hey
2018-11-13 22:28:05,955 - INFO - hi
2018-11-13 22:28:05,956 - INFO - hi
2018-11-13 22:28:05,956 - INFO - hi
2018-11-13 22:28:05,956 - INFO - hi
2018-11-13 22:28:05,956 - INFO - hi
2018-11-13 22:28:05,956 - INFO - hi
2018-11-13 22:28:16,279 - INFO - Node connecting
2018-11-13 22:28:16,280 - INFO - Message recieved
2018-11-13 22:28:16,280 - INFO - b'==MSG==Type here to send a message...'
2018-11-13 22:28:16,280 - INFO - b'==MSG==Type here to send a message...'
2018-11-13 22:28:17,377 - INFO - Node connecting
2018-11-13 22:28:17,377 - INFO - Message recieved
2018-11-13 22:28:17,377 - INFO - b'==MSG==Type here to send a message...'
2018-11-13 22:28:17,378 - INFO - b'==MSG==Type here to send a message...'
2018-11-13 22:28:18,036 - INFO - Node connecting
2018-11-13 22:28:18,036 - INFO - Message recieved
2018-11-13 22:28:18,036 - INFO - b'==MSG==Type here to send a message...'
2018-11-13 22:28:18,037 - INFO - b'==MSG==Type here to send a message...'
2018-11-13 22:28:18,176 - INFO - Node connecting
2018-11-13 22:28:18,176 - INFO - Message recieved
2018-11-13 22:28:18,176 - INFO - b'==MSG==Type here to send a message...'
2018-11-13 22:28:18,176 - INFO - b'==MSG==Type here to send a message...'
2018-11-13 22:28:18,316 - INFO - Node connecting
2018-11-13 22:28:18,316 - INFO - Message recieved
2018-11-13 22:28:18,316 - INFO - b'==MSG==Type here to send a message...'
2018-11-13 22:28:18,316 - INFO - b'==MSG==Type here to send a message...'
2018-11-13 22:28:18,468 - INFO - Node connecting
2018-11-13 22:28:18,468 - INFO - Message recieved
2018-11-13 22:28:18,468 - INFO - b'==MSG==Type here to send a message...'
2018-11-13 22:28:18,468 - INFO - b'==MSG==Type here to send a message...'
2018-11-13 22:28:32,256 - INFO - hi
2018-11-13 22:28:32,256 - INFO - hi
2018-11-13 22:28:32,257 - INFO - hi
2018-11-13 22:28:32,257 - INFO - hi
2018-11-13 22:28:32,257 - INFO - hi
2018-11-13 22:28:32,257 - INFO - hi
2018-11-13 22:29:23,696 - INFO - hi
2018-11-13 22:29:23,696 - INFO - hi
2018-11-13 22:29:23,696 - INFO - hi
2018-11-13 22:29:23,696 - INFO - hi
2018-11-13 22:29:23,696 - INFO - hi
2018-11-13 22:29:23,696 - INFO - hi
2018-11-13 22:30:20,451 - INFO - hi
2018-11-13 22:30:20,451 - INFO - hi
2018-11-13 22:30:20,451 - INFO - hi
2018-11-13 22:30:20,452 - INFO - hi
2018-11-13 22:30:20,452 - INFO - hi
2018-11-13 22:30:20,452 - INFO - hi
2018-11-13 22:30:39,010 - INFO - hi
2018-11-13 22:30:39,011 - INFO - hi
2018-11-13 22:30:39,011 - INFO - hi
2018-11-13 22:30:39,011 - INFO - hi
2018-11-13 22:30:39,011 - INFO - hi
2018-11-13 22:30:39,011 - INFO - hi
2018-11-13 22:31:02,420 - INFO - hi
2018-11-13 22:31:02,420 - INFO - hi
2018-11-13 22:31:02,420 - INFO - hi
2018-11-13 22:31:02,421 - INFO - hi
2018-11-13 22:31:02,421 - INFO - hi
2018-11-13 22:31:02,421 - INFO - hi
2018-11-13 22:31:19,376 - INFO - Node connecting
2018-11-13 22:31:19,376 - INFO - Message recieved
2018-11-13 22:31:19,376 - INFO - b'==MSG==Type here to send a message...'
2018-11-13 22:31:19,376 - INFO - b'==MSG==Type here to send a message...'
2018-11-13 22:35:08,659 - INFO - hi
2018-11-13 22:35:08,659 - INFO - hi
2018-11-13 22:35:08,659 - INFO - hi
2018-11-13 22:35:08,659 - INFO - hi
2018-11-13 22:35:08,660 - INFO - hi
2018-11-13 22:35:08,660 - INFO - hi
2018-11-13 22:35:24,339 - INFO - hi
2018-11-13 22:35:24,340 - INFO - hi
2018-11-13 22:35:24,340 - INFO - hi
2018-11-13 22:35:24,340 - INFO - hi
2018-11-13 22:35:24,340 - INFO - hi
2018-11-13 22:35:24,340 - INFO - hi
2018-11-13 22:35:51,191 - INFO - Node connecting
2018-11-13 22:35:51,192 - INFO - Message recieved
2018-11-13 22:35:51,192 - INFO - b'==MSG==Fuck off!'
2018-11-13 22:35:51,192 - INFO - b'==MSG==Fuck off!'
2018-11-13 22:37:47,494 - INFO - hi
2018-11-13 22:37:47,494 - INFO - hi
2018-11-13 22:37:47,494 - INFO - hi
2018-11-13 22:37:47,494 - INFO - hi
2018-11-13 22:37:47,495 - INFO - hi
2018-11-13 22:37:47,495 - INFO - hi
2018-11-13 22:37:49,130 - INFO - ==MSG==Type here to send a message...
2018-11-13 22:37:49,560 - INFO - ==MSG==Type here to send a message...
2018-11-13 22:37:49,691 - INFO - ==MSG==Type here to send a message...
2018-11-13 22:37:49,930 - INFO - ==MSG==Type here to send a message...
2018-11-13 22:37:50,070 - INFO - ==MSG==Type here to send a message...
2018-11-13 22:38:04,517 - INFO - hi
2018-11-13 22:38:04,517 - INFO - hi
2018-11-13 22:38:04,517 - INFO - hi
2018-11-13 22:38:04,518 - INFO - hi
2018-11-13 22:38:04,518 - INFO - hi
2018-11-13 22:38:04,518 - INFO - hi
2018-11-13 22:38:21,503 - INFO - ==MSG==Hello Sir!
2018-11-13 22:38:26,153 - INFO - ==MSG==Hello Sir!
2018-11-13 22:38:31,761 - INFO - Node connecting
2018-11-13 22:38:31,761 - INFO - Message recieved
2018-11-13 22:38:31,761 - INFO - b'==MSG==Hi there'
2018-11-13 22:38:31,761 - INFO - b'==MSG==Hi there'
2018-11-13 23:07:35,335 - INFO - hi
2018-11-13 23:07:35,336 - INFO - hi
2018-11-13 23:07:35,336 - INFO - hi
2018-11-13 23:07:35,336 - INFO - hi
2018-11-13 23:07:35,336 - INFO - hi
2018-11-13 23:07:35,336 - INFO - hi
2018-11-13 23:08:55,231 - INFO - hi
2018-11-13 23:08:55,232 - INFO - hi
2018-11-13 23:08:55,232 - INFO - hi
2018-11-13 23:08:55,232 - INFO - hi
2018-11-13 23:08:55,232 - INFO - hi
2018-11-13 23:08:55,232 - INFO - hi
2018-11-13 23:09:18,437 - INFO - hi
2018-11-13 23:09:18,437 - INFO - hi
2018-11-13 23:09:18,437 - INFO - hi
2018-11-13 23:09:18,437 - INFO - hi
2018-11-13 23:09:18,437 - INFO - hi
2018-11-13 23:09:18,437 - INFO - hi
2018-11-13 23:09:20,153 - INFO - ==MSG==Type here to send a message...
2018-11-13 23:09:20,913 - INFO - ==MSG==Type here to send a message...
2018-11-13 23:09:21,094 - INFO - ==MSG==Type here to send a message...
2018-11-13 23:09:21,253 - INFO - ==MSG==Type here to send a message...
2018-11-13 23:10:42,663 - INFO - hi
2018-11-13 23:10:42,663 - INFO - hi
2018-11-13 23:10:42,663 - INFO - hi
2018-11-13 23:10:42,663 - INFO - hi
2018-11-13 23:10:42,663 - INFO - hi
2018-11-13 23:10:42,663 - INFO - hi
2018-11-13 23:10:43,956 - INFO - Type here to send a message...
2018-11-13 23:10:44,507 - INFO - Type here to send a message...
2018-11-13 23:10:44,836 - INFO - Type here to send a message...
2018-11-13 23:10:44,988 - INFO - Type here to send a message...
2018-11-13 23:10:45,126 - INFO - Type here to send a message...
2018-11-13 23:10:45,376 - INFO - Type here to send a message...
2018-11-13 23:10:45,536 - INFO - Type here to send a message...
2018-11-13 23:11:07,844 - INFO - hi
2018-11-13 23:11:07,844 - INFO - hi
2018-11-13 23:11:07,844 - INFO - hi
2018-11-13 23:11:07,845 - INFO - hi
2018-11-13 23:11:07,845 - INFO - hi
2018-11-13 23:11:07,845 - INFO - hi
2018-11-13 23:11:21,684 - INFO - hi
2018-11-13 23:11:21,684 - INFO - hi
2018-11-13 23:11:21,684 - INFO - hi
2018-11-13 23:11:21,684 - INFO - hi
2018-11-13 23:11:21,684 - INFO - hi
2018-11-13 23:11:21,685 - INFO - hi
2018-11-13 23:11:37,549 - INFO - Hello!
2018-11-13 23:11:52,413 - INFO - hi
2018-11-13 23:11:52,413 - INFO - hi
2018-11-13 23:11:52,413 - INFO - hi
2018-11-13 23:11:52,413 - INFO - hi
2018-11-13 23:11:52,413 - INFO - hi
2018-11-13 23:11:52,413 - INFO - hi
2018-11-13 23:12:07,617 - INFO - Hello
2018-11-13 23:13:00,281 - INFO - hi
2018-11-13 23:13:00,281 - INFO - hi
2018-11-13 23:13:00,281 - INFO - hi
2018-11-13 23:13:00,281 - INFO - hi
2018-11-13 23:13:00,281 - INFO - hi
2018-11-13 23:13:00,281 - INFO - hi
2018-11-13 23:13:50,341 - INFO - hi
2018-11-13 23:13:50,341 - INFO - hi
2018-11-13 23:13:50,341 - INFO - hi
2018-11-13 23:13:50,341 - INFO - hi
2018-11-13 23:13:50,341 - INFO - hi
2018-11-13 23:13:50,341 - INFO - hi
2018-11-13 23:14:25,401 - INFO - hi
2018-11-13 23:14:25,401 - INFO - hi
2018-11-13 23:14:25,401 - INFO - hi
2018-11-13 23:14:25,401 - INFO - hi
2018-11-13 23:14:25,401 - INFO - hi
2018-11-13 23:14:25,401 - INFO - hi
2018-11-13 23:14:57,434 - INFO - hi
2018-11-13 23:14:57,434 - INFO - hi
2018-11-13 23:14:57,434 - INFO - hi
2018-11-13 23:14:57,434 - INFO - hi
2018-11-13 23:14:57,434 - INFO - hi
2018-11-13 23:14:57,434 - INFO - hi
2018-11-13 23:18:40,664 - INFO - hi
2018-11-13 23:18:40,664 - INFO - hi
2018-11-13 23:18:40,664 - INFO - hi
2018-11-13 23:18:40,665 - INFO - hi
2018-11-13 23:18:40,665 - INFO - hi
2018-11-13 23:18:40,665 - INFO - hi
2018-11-13 23:20:25,120 - INFO - hi
2018-11-13 23:20:25,120 - INFO - hi
2018-11-13 23:20:25,121 - INFO - hi
2018-11-13 23:20:25,121 - INFO - hi
2018-11-13 23:20:25,121 - INFO - hi
2018-11-13 23:20:25,121 - INFO - hi
2018-11-13 23:20:45,753 - INFO - hi
2018-11-13 23:20:45,753 - INFO - hi
2018-11-13 23:20:45,754 - INFO - hi
2018-11-13 23:20:45,754 - INFO - hi
2018-11-13 23:20:45,754 - INFO - hi
2018-11-13 23:20:45,754 - INFO - hi
2018-11-13 23:21:02,409 - INFO - Hello!
2018-11-13 23:21:02,427 - INFO - Node connecting
2018-11-13 23:21:02,427 - INFO - b'Hello!'
2018-11-13 23:21:08,169 - INFO - Hello!
2018-11-13 23:21:15,144 - INFO - hi
2018-11-13 23:21:15,144 - INFO - hi
2018-11-13 23:21:15,145 - INFO - hi
2018-11-13 23:21:15,145 - INFO - hi
2018-11-13 23:21:15,145 - INFO - hi
2018-11-13 23:21:15,145 - INFO - hi
2018-11-13 23:22:14,393 - INFO - hi
2018-11-13 23:22:14,393 - INFO - hi
2018-11-13 23:22:14,394 - INFO - hi
2018-11-13 23:22:14,394 - INFO - hi
2018-11-13 23:22:14,394 - INFO - hi
2018-11-13 23:22:14,394 - INFO - hi
2018-11-13 23:22:30,520 - INFO - Hello!
2018-11-13 23:22:40,446 - INFO - Node connecting
2018-11-13 23:22:40,446 - INFO - b'fuck off'
2018-11-14 21:14:40,599 - INFO - hi
2018-11-14 21:14:40,601 - INFO - hi
2018-11-14 21:14:40,601 - INFO - hi
2018-11-14 21:14:40,601 - INFO - hi
2018-11-14 21:14:40,602 - INFO - hi
2018-11-14 21:14:40,602 - INFO - hi
2018-11-14 21:14:59,397 - INFO - Hi
2018-11-14 21:14:59,492 - INFO - Node connecting
2018-11-14 21:14:59,492 - INFO - b'Hi'
2018-11-14 21:15:04,126 - INFO - Hi
2018-11-14 21:15:11,553 - INFO - Node connecting
2018-11-14 21:15:11,553 - INFO - b'yoa'
2018-11-14 21:18:34,659 - INFO - Node connecting
2018-11-14 21:18:34,660 - INFO - b'yoa'
2018-11-14 21:18:35,269 - INFO - Node connecting
2018-11-14 21:18:35,269 - INFO - b'yoa'
2018-11-14 21:27:45,096 - INFO - Hi
2018-11-14 21:27:46,901 - INFO - Node connecting
2018-11-14 21:27:46,901 - INFO - b'yoa'
2018-11-14 22:46:02,240 - INFO - hi
2018-11-14 22:46:02,240 - INFO - hi
2018-11-14 22:46:02,241 - INFO - hi
2018-11-14 22:46:02,241 - INFO - hi
2018-11-14 22:46:02,241 - INFO - hi
2018-11-14 22:46:02,241 - INFO - hi
2018-11-14 22:46:21,461 - INFO - hi
2018-11-14 22:46:21,462 - INFO - hi
2018-11-14 22:46:21,462 - INFO - hi
2018-11-14 22:46:21,462 - INFO - hi
2018-11-14 22:46:21,462 - INFO - hi
2018-11-14 22:46:21,462 - INFO - hi
2018-11-14 22:51:49,517 - INFO - hi
2018-11-14 22:51:49,517 - INFO - hi
2018-11-14 22:51:49,517 - INFO - hi
2018-11-14 22:51:49,518 - INFO - hi
2018-11-14 22:51:49,518 - INFO - hi
2018-11-14 22:51:49,518 - INFO - hi
2018-11-14 22:52:10,331 - INFO - hi
2018-11-14 22:52:10,332 - INFO - hi
2018-11-14 22:52:10,332 - INFO - hi
2018-11-14 22:52:10,332 - INFO - hi
2018-11-14 22:52:10,332 - INFO - hi
2018-11-14 22:52:10,332 - INFO - hi
2018-11-14 22:52:11,267 - INFO - {'ip': 'localhost', 'port': 20000, 'user': 'tony'}Type here to send a message...
2018-11-14 22:52:12,397 - INFO - {'ip': 'localhost', 'port': 20000, 'user': 'tony'}Type here to send a message...
2018-11-14 22:53:28,518 - INFO - hi
2018-11-14 22:53:28,518 - INFO - hi
2018-11-14 22:53:28,518 - INFO - hi
2018-11-14 22:53:28,518 - INFO - hi
2018-11-14 22:53:28,518 - INFO - hi
2018-11-14 22:53:28,518 - INFO - hi
2018-11-14 22:53:30,105 - INFO - tonyType here to send a message...
2018-11-14 22:53:30,984 - INFO - tonyType here to send a message...
2018-11-14 22:53:31,124 - INFO - tonyType here to send a message...
2018-11-14 22:53:31,364 - INFO - tonyType here to send a message...
2018-11-14 22:53:31,514 - INFO - tonyType here to send a message...
2018-11-14 22:53:31,634 - INFO - tonyType here to send a message...
2018-11-14 22:53:31,755 - INFO - tonyType here to send a message...
2018-11-14 22:53:32,004 - INFO - tonyType here to send a message...
2018-11-14 22:53:32,144 - INFO - tonyType here to send a message...
2018-11-14 22:53:32,285 - INFO - tonyType here to send a message...
2018-11-14 22:53:32,634 - INFO - tonyType here to send a message...
2018-11-14 22:53:32,894 - INFO - tonyType here to send a message...
2018-11-14 22:53:33,064 - INFO - tonyType here to send a message...
2018-11-14 22:53:55,837 - INFO - hi
2018-11-14 22:53:55,837 - INFO - hi
2018-11-14 22:53:55,837 - INFO - hi
2018-11-14 22:53:55,837 - INFO - hi
2018-11-14 22:53:55,837 - INFO - hi
2018-11-14 22:53:55,837 - INFO - hi
2018-11-14 22:53:57,102 - INFO - tony Type here to send a message...
2018-11-14 22:53:57,632 - INFO - tony Type here to send a message...
2018-11-14 22:53:57,802 - INFO - tony Type here to send a message...
2018-11-14 22:53:57,952 - INFO - tony Type here to send a message...
2018-11-14 22:53:58,102 - INFO - tony Type here to send a message...
2018-11-14 22:55:10,452 - INFO - hi
2018-11-14 22:55:10,452 - INFO - hi
2018-11-14 22:55:10,452 - INFO - hi
2018-11-14 22:55:10,452 - INFO - hi
2018-11-14 22:55:10,452 - INFO - hi
2018-11-14 22:55:10,452 - INFO - hi
2018-11-14 22:55:12,197 - INFO - Tony Type here to send a message...
2018-11-14 22:55:12,737 - INFO - Tony Type here to send a message...
2018-11-14 22:55:12,877 - INFO - Tony Type here to send a message...
2018-11-14 22:55:13,017 - INFO - Tony Type here to send a message...
2018-11-14 22:55:13,167 - INFO - Tony Type here to send a message...
2018-11-14 22:55:13,297 - INFO - Tony Type here to send a message...
2018-11-14 22:55:42,428 - INFO - hi
2018-11-14 22:55:42,428 - INFO - hi
2018-11-14 22:55:42,428 - INFO - hi
2018-11-14 22:55:42,428 - INFO - hi
2018-11-14 22:55:42,428 - INFO - hi
2018-11-14 22:55:42,428 - INFO - hi
2018-11-14 22:55:43,714 - INFO - TONY Type here to send a message...
2018-11-14 22:55:44,114 - INFO - TONY Type here to send a message...
2018-11-14 22:55:44,263 - INFO - TONY Type here to send a message...
2018-11-14 22:55:44,393 - INFO - TONY Type here to send a message...
2018-11-14 22:55:44,524 - INFO - TONY Type here to send a message...
2018-11-14 22:55:44,664 - INFO - TONY Type here to send a message...
2018-11-14 22:55:44,803 - INFO - TONY Type here to send a message...
2018-11-14 22:55:44,933 - INFO - TONY Type here to send a message...
2018-11-14 22:55:59,945 - INFO - hi
2018-11-14 22:55:59,945 - INFO - hi
2018-11-14 22:55:59,945 - INFO - hi
2018-11-14 22:55:59,945 - INFO - hi
2018-11-14 22:55:59,945 - INFO - hi
2018-11-14 22:55:59,945 - INFO - hi
2018-11-14 22:56:01,411 - INFO - TONY: Type here to send a message...
2018-11-14 22:56:02,660 - INFO - TONY: Type here to send a message...
2018-11-14 22:56:02,790 - INFO - TONY: Type here to send a message...
2018-11-14 22:56:02,941 - INFO - TONY: Type here to send a message...
2018-11-14 22:56:03,070 - INFO - TONY: Type here to send a message...
2018-11-14 22:56:03,190 - INFO - TONY: Type here to send a message...
2018-11-14 22:56:03,320 - INFO - TONY: Type here to send a message...
2018-11-14 22:56:03,450 - INFO - TONY: Type here to send a message...
2018-11-14 22:56:03,580 - INFO - TONY: Type here to send a message...
2018-11-14 22:56:03,720 - INFO - TONY: Type here to send a message...
2018-11-14 22:58:01,959 - INFO - hi
2018-11-14 22:58:01,960 - INFO - hi
2018-11-14 22:58:01,960 - INFO - hi
2018-11-14 22:58:01,960 - INFO - hi
2018-11-14 22:58:01,960 - INFO - hi
2018-11-14 22:58:01,960 - INFO - hi
2018-11-14 22:59:53,343 - INFO - hi
2018-11-14 22:59:53,343 - INFO - hi
2018-11-14 22:59:53,343 - INFO - hi
2018-11-14 22:59:53,343 - INFO - hi
2018-11-14 22:59:53,343 - INFO - hi
2018-11-14 22:59:53,343 - INFO - hi
2018-11-14 23:00:17,967 - INFO - DAVID: Type here to send a message...
2018-11-14 23:00:17,986 - INFO - Node connecting
2018-11-14 23:00:17,986 - INFO - b'Type here to send a message...'
2018-11-14 23:00:21,097 - INFO - DAVID: Type here to send a message...
2018-11-14 23:00:22,708 - INFO - DAVID: Type here to send a message...
2018-11-14 23:00:25,848 - INFO - Node connecting
2018-11-14 23:00:25,849 - INFO - b'Type here to send a message...'
2018-11-14 23:00:28,504 - INFO - Node connecting
2018-11-14 23:00:28,504 - INFO - b'Type here to send a message...'
2018-11-14 23:03:40,165 - INFO - hi
2018-11-14 23:03:40,166 - INFO - hi
2018-11-14 23:03:40,166 - INFO - hi
2018-11-14 23:03:40,166 - INFO - hi
2018-11-14 23:03:40,166 - INFO - hi
2018-11-14 23:03:40,166 - INFO - hi
2018-11-14 23:03:50,053 - INFO - Node connecting
2018-11-14 23:03:50,053 - INFO - b'JAMIE: Type here to send a message...'
2018-11-14 23:03:50,843 - INFO - Node connecting
2018-11-14 23:03:50,843 - INFO - b'JAMIE: Type here to send a message...'
2018-11-14 23:03:51,444 - INFO - Node connecting
2018-11-14 23:03:51,444 - INFO - b'JAMIE: Type here to send a message...'
2018-11-14 23:03:51,595 - INFO - Node connecting
2018-11-14 23:03:51,595 - INFO - b'JAMIE: Type here to send a message...'
2018-11-14 23:03:51,733 - INFO - Node connecting
2018-11-14 23:03:51,734 - INFO - b'JAMIE: Type here to send a message...'
2018-11-14 23:03:52,014 - INFO - Node connecting
2018-11-14 23:03:52,014 - INFO - b'JAMIE: Type here to send a message...'
2018-11-14 23:03:52,195 - INFO - Node connecting
2018-11-14 23:03:52,195 - INFO - b'JAMIE: Type here to send a message...'
2018-11-14 23:03:52,325 - INFO - Node connecting
2018-11-14 23:03:52,326 - INFO - b'JAMIE: Type here to send a message...'
2018-11-14 23:03:52,495 - INFO - Node connecting
2018-11-14 23:03:52,495 - INFO - b'JAMIE: Type here to send a message...'
2018-11-14 23:06:04,869 - INFO - hi
2018-11-14 23:06:04,869 - INFO - hi
2018-11-14 23:06:04,870 - INFO - hi
2018-11-14 23:06:04,870 - INFO - hi
2018-11-14 23:06:04,870 - INFO - hi
2018-11-14 23:06:04,870 - INFO - hi
2018-11-14 23:06:23,501 - INFO - hi
2018-11-14 23:06:23,501 - INFO - hi
2018-11-14 23:06:23,501 - INFO - hi
2018-11-14 23:06:23,501 - INFO - hi
2018-11-14 23:06:23,501 - INFO - hi
2018-11-14 23:06:23,501 - INFO - hi
2018-11-14 23:06:36,567 - INFO - DAVID: Type here to send a message...
2018-11-14 23:07:21,681 - INFO - hi
2018-11-14 23:07:21,681 - INFO - hi
2018-11-14 23:07:21,681 - INFO - hi
2018-11-14 23:07:21,681 - INFO - hi
2018-11-14 23:07:21,681 - INFO - hi
2018-11-14 23:07:21,681 - INFO - hi
2018-11-14 23:07:30,956 - INFO - DAVID: Type here to send a message...
2018-11-14 23:07:35,055 - INFO - DAVID: Type here to send a message...
2018-11-14 23:07:35,059 - INFO - Node connecting
2018-11-14 23:07:35,059 - INFO - DAVID: Type here to send a message...
2018-11-14 23:07:35,795 - INFO - DAVID: Type here to send a message...
2018-11-14 23:07:35,800 - INFO - Node connecting
2018-11-14 23:07:35,800 - INFO - DAVID: Type here to send a message...
2018-11-14 23:07:36,465 - INFO - DAVID: Type here to send a message...
2018-11-14 23:07:36,470 - INFO - Node connecting
2018-11-14 23:07:36,470 - INFO - DAVID: Type here to send a message...
2018-11-14 23:07:37,245 - INFO - DAVID: Type here to send a message...
2018-11-14 23:07:37,251 - INFO - Node connecting
2018-11-14 23:07:37,251 - INFO - DAVID: Type here to send a message...
2018-11-14 23:07:56,831 - INFO - hi
2018-11-14 23:07:56,831 - INFO - hi
2018-11-14 23:07:56,831 - INFO - hi
2018-11-14 23:07:56,831 - INFO - hi
2018-11-14 23:07:56,831 - INFO - hi
2018-11-14 23:07:56,831 - INFO - hi
2018-11-14 23:08:14,587 - INFO - DAVID: Type here to send a message...
2018-11-14 23:08:17,976 - INFO - DAVID: Type here to send a message...
2018-11-14 23:08:17,982 - INFO - Node connecting
2018-11-14 23:08:17,982 - INFO - DAVID: Type here to send a message...
2018-11-14 23:08:19,046 - INFO - DAVID: Type here to send a message...
2018-11-14 23:08:19,051 - INFO - Node connecting
2018-11-14 23:08:19,051 - INFO - DAVID: Type here to send a message...
2018-11-14 23:08:19,976 - INFO - DAVID: Type here to send a message...
2018-11-14 23:08:19,981 - INFO - Node connecting
2018-11-14 23:08:19,981 - INFO - DAVID: Type here to send a message...
2018-11-14 23:08:22,056 - INFO - DAVID: Type here to send a message...
2018-11-14 23:08:23,286 - INFO - DAVID: Type here to send a message...
2018-11-14 23:08:26,559 - INFO - Node connecting
2018-11-14 23:08:26,559 - INFO - JAMIE: Type here to send a message...
2018-11-14 23:08:27,282 - INFO - Node connecting
2018-11-14 23:08:27,283 - INFO - JAMIE: Type here to send a message...
2018-11-19 16:45:08,103 - INFO - hi
2018-11-19 16:45:08,103 - INFO - hi
2018-11-19 16:45:08,103 - INFO - hi
2018-11-19 16:45:08,103 - INFO - hi
2018-11-19 16:45:08,104 - INFO - hi
2018-11-19 16:45:08,104 - INFO - hi
2018-11-19 16:45:15,108 - INFO - DAVID: Type here to send a message...
2018-11-19 16:45:15,175 - INFO - Node connecting
2018-11-19 16:45:15,176 - INFO - DAVID: Type here to send a message...
2018-11-19 16:45:16,228 - INFO - DAVID: Type here to send a message...
2018-11-19 16:45:16,233 - INFO - Node connecting
2018-11-19 16:45:16,233 - INFO - DAVID: Type here to send a message...
2018-11-19 22:31:11,193 - INFO - hi
2018-11-19 22:31:11,194 - INFO - hi
2018-11-19 22:31:11,194 - INFO - hi
2018-11-19 22:31:11,194 - INFO - hi
2018-11-19 22:31:11,194 - INFO - hi
2018-11-19 22:31:11,194 - INFO - hi
2018-11-20 14:59:53,524 - INFO - hi
2018-11-20 14:59:53,524 - INFO - hi
2018-11-20 14:59:53,524 - INFO - hi
2018-11-20 14:59:53,524 - INFO - hi
2018-11-20 14:59:53,524 - INFO - hi
2018-11-20 14:59:53,524 - INFO - hi
2018-11-20 15:01:55,974 - INFO - hi
2018-11-20 15:01:55,974 - INFO - hi
2018-11-20 15:01:55,974 - INFO - hi
2018-11-20 15:01:55,974 - INFO - hi
2018-11-20 15:01:55,974 - INFO - hi
2018-11-20 15:01:55,974 - INFO - hi
